2023-12-19 21:12:860 INFO  StartPage :24 - Click on start now: [[ChromeDriver: chrome on windows (46656bcbb1e2b61e997c7fe96108d16b)] -> xpath: //a[normalize-space()='Start now']]
2023-12-19 21:12:851 INFO  StartPage :24 - Click on start now: [[ChromeDriver: chrome on windows (7c95d5aefbb0fa0d0acc5c98033b2edf)] -> xpath: //a[normalize-space()='Start now']]
2023-12-19 21:12:210 INFO  SelectNationalityPage :28 - Select country: [[ChromeDriver: chrome on windows (7c95d5aefbb0fa0d0acc5c98033b2edf)] -> id: response]
2023-12-19 21:12:387 INFO  SelectNationalityPage :34 - Click on continue: [[ChromeDriver: chrome on windows (7c95d5aefbb0fa0d0acc5c98033b2edf)] -> xpath: //button[normalize-space()='Continue']]
2023-12-19 21:12:759 INFO  ReasonForTravelPage :29 - Select a reason for visit: [[[ChromeDriver: chrome on windows (7c95d5aefbb0fa0d0acc5c98033b2edf)] -> xpath: //div[@class='govuk-radios']//div//label], [[ChromeDriver: chrome on windows (7c95d5aefbb0fa0d0acc5c98033b2edf)] -> xpath: //div[@class='govuk-radios']//div//label], [[ChromeDriver: chrome on windows (7c95d5aefbb0fa0d0acc5c98033b2edf)] -> xpath: //div[@class='govuk-radios']//div//label], [[ChromeDriver: chrome on windows (7c95d5aefbb0fa0d0acc5c98033b2edf)] -> xpath: //div[@class='govuk-radios']//div//label], [[ChromeDriver: chrome on windows (7c95d5aefbb0fa0d0acc5c98033b2edf)] -> xpath: //div[@class='govuk-radios']//div//label], [[ChromeDriver: chrome on windows (7c95d5aefbb0fa0d0acc5c98033b2edf)] -> xpath: //div[@class='govuk-radios']//div//label], [[ChromeDriver: chrome on windows (7c95d5aefbb0fa0d0acc5c98033b2edf)] -> xpath: //div[@class='govuk-radios']//div//label], [[ChromeDriver: chrome on windows (7c95d5aefbb0fa0d0acc5c98033b2edf)] -> xpath: //div[@class='govuk-radios']//div//label], [[ChromeDriver: chrome on windows (7c95d5aefbb0fa0d0acc5c98033b2edf)] -> xpath: //div[@class='govuk-radios']//div//label]]
2023-12-19 21:12:870 INFO  SelectNationalityPage :34 - Click on continue: [[ChromeDriver: chrome on windows (7c95d5aefbb0fa0d0acc5c98033b2edf)] -> xpath: //button[normalize-space()='Continue']]
2023-12-19 21:12:222 INFO  ResultPage :29 - Verify result text displayed: [[ChromeDriver: chrome on windows (7c95d5aefbb0fa0d0acc5c98033b2edf)] -> xpath: //h2[@class='gem-c-heading gem-c-heading--font-size-27   govuk-!-margin-bottom-6']]
2023-12-19 21:12:224 INFO  ResultPage :24 - Get result text displayed: [[ChromeDriver: chrome on windows (7c95d5aefbb0fa0d0acc5c98033b2edf)] -> xpath: //h2[@class='gem-c-heading gem-c-heading--font-size-27   govuk-!-margin-bottom-6']]
2023-12-19 21:12:157 INFO  StartPage :24 - Click on start now: [[ChromeDriver: chrome on windows (999c63114d6333121828abfd796e2c27)] -> xpath: //a[normalize-space()='Start now']]
2023-12-19 21:12:460 INFO  SelectNationalityPage :28 - Select country: [[ChromeDriver: chrome on windows (999c63114d6333121828abfd796e2c27)] -> id: response]
2023-12-19 21:12:614 INFO  SelectNationalityPage :34 - Click on continue: [[ChromeDriver: chrome on windows (999c63114d6333121828abfd796e2c27)] -> xpath: //button[normalize-space()='Continue']]
2023-12-19 21:12:956 INFO  ReasonForTravelPage :29 - Select a reason for visit: [[[ChromeDriver: chrome on windows (999c63114d6333121828abfd796e2c27)] -> xpath: //div[@class='govuk-radios']//div//label], [[ChromeDriver: chrome on windows (999c63114d6333121828abfd796e2c27)] -> xpath: //div[@class='govuk-radios']//div//label], [[ChromeDriver: chrome on windows (999c63114d6333121828abfd796e2c27)] -> xpath: //div[@class='govuk-radios']//div//label], [[ChromeDriver: chrome on windows (999c63114d6333121828abfd796e2c27)] -> xpath: //div[@class='govuk-radios']//div//label], [[ChromeDriver: chrome on windows (999c63114d6333121828abfd796e2c27)] -> xpath: //div[@class='govuk-radios']//div//label], [[ChromeDriver: chrome on windows (999c63114d6333121828abfd796e2c27)] -> xpath: //div[@class='govuk-radios']//div//label], [[ChromeDriver: chrome on windows (999c63114d6333121828abfd796e2c27)] -> xpath: //div[@class='govuk-radios']//div//label], [[ChromeDriver: chrome on windows (999c63114d6333121828abfd796e2c27)] -> xpath: //div[@class='govuk-radios']//div//label], [[ChromeDriver: chrome on windows (999c63114d6333121828abfd796e2c27)] -> xpath: //div[@class='govuk-radios']//div//label]]
2023-12-19 21:12:73 INFO  SelectNationalityPage :34 - Click on continue: [[ChromeDriver: chrome on windows (999c63114d6333121828abfd796e2c27)] -> xpath: //button[normalize-space()='Continue']]
2023-12-19 21:12:395 INFO  DurationOfStayPage :27 - Select Stay Time Length: [[[ChromeDriver: chrome on windows (999c63114d6333121828abfd796e2c27)] -> xpath: //div[@class='govuk-radios']//label], [[ChromeDriver: chrome on windows (999c63114d6333121828abfd796e2c27)] -> xpath: //div[@class='govuk-radios']//label]]
2023-12-19 21:12:476 INFO  SelectNationalityPage :34 - Click on continue: [[ChromeDriver: chrome on windows (999c63114d6333121828abfd796e2c27)] -> xpath: //button[normalize-space()='Continue']]
2023-12-19 21:12:880 INFO  WorkTypePage :30 - Select job type: [[[ChromeDriver: chrome on windows (999c63114d6333121828abfd796e2c27)] -> xpath: //div[@class='govuk-radios']//div//label], [[ChromeDriver: chrome on windows (999c63114d6333121828abfd796e2c27)] -> xpath: //div[@class='govuk-radios']//div//label], [[ChromeDriver: chrome on windows (999c63114d6333121828abfd796e2c27)] -> xpath: //div[@class='govuk-radios']//div//label], [[ChromeDriver: chrome on windows (999c63114d6333121828abfd796e2c27)] -> xpath: //div[@class='govuk-radios']//div//label], [[ChromeDriver: chrome on windows (999c63114d6333121828abfd796e2c27)] -> xpath: //div[@class='govuk-radios']//div//label], [[ChromeDriver: chrome on windows (999c63114d6333121828abfd796e2c27)] -> xpath: //div[@class='govuk-radios']//div//label], [[ChromeDriver: chrome on windows (999c63114d6333121828abfd796e2c27)] -> xpath: //div[@class='govuk-radios']//div//label], [[ChromeDriver: chrome on windows (999c63114d6333121828abfd796e2c27)] -> xpath: //div[@class='govuk-radios']//div//label]]
2023-12-19 21:12:985 INFO  SelectNationalityPage :34 - Click on continue: [[ChromeDriver: chrome on windows (999c63114d6333121828abfd796e2c27)] -> xpath: //button[normalize-space()='Continue']]
2023-12-19 21:12:391 INFO  ResultPage :29 - Verify result text displayed: [[ChromeDriver: chrome on windows (999c63114d6333121828abfd796e2c27)] -> xpath: //h2[@class='gem-c-heading gem-c-heading--font-size-27   govuk-!-margin-bottom-6']]
2023-12-19 21:12:392 INFO  ResultPage :24 - Get result text displayed: [[ChromeDriver: chrome on windows (999c63114d6333121828abfd796e2c27)] -> xpath: //h2[@class='gem-c-heading gem-c-heading--font-size-27   govuk-!-margin-bottom-6']]
2023-12-19 21:12:662 INFO  StartPage :24 - Click on start now: [[ChromeDriver: chrome on windows (67769200902bd46245d44dcdd08df61b)] -> xpath: //a[normalize-space()='Start now']]
2023-12-19 21:12:933 INFO  SelectNationalityPage :28 - Select country: [[ChromeDriver: chrome on windows (67769200902bd46245d44dcdd08df61b)] -> id: response]
2023-12-19 21:12:57 INFO  SelectNationalityPage :34 - Click on continue: [[ChromeDriver: chrome on windows (67769200902bd46245d44dcdd08df61b)] -> xpath: //button[normalize-space()='Continue']]
2023-12-19 21:12:326 INFO  ReasonForTravelPage :29 - Select a reason for visit: [[[ChromeDriver: chrome on windows (67769200902bd46245d44dcdd08df61b)] -> xpath: //div[@class='govuk-radios']//div//label], [[ChromeDriver: chrome on windows (67769200902bd46245d44dcdd08df61b)] -> xpath: //div[@class='govuk-radios']//div//label], [[ChromeDriver: chrome on windows (67769200902bd46245d44dcdd08df61b)] -> xpath: //div[@class='govuk-radios']//div//label], [[ChromeDriver: chrome on windows (67769200902bd46245d44dcdd08df61b)] -> xpath: //div[@class='govuk-radios']//div//label], [[ChromeDriver: chrome on windows (67769200902bd46245d44dcdd08df61b)] -> xpath: //div[@class='govuk-radios']//div//label], [[ChromeDriver: chrome on windows (67769200902bd46245d44dcdd08df61b)] -> xpath: //div[@class='govuk-radios']//div//label], [[ChromeDriver: chrome on windows (67769200902bd46245d44dcdd08df61b)] -> xpath: //div[@class='govuk-radios']//div//label], [[ChromeDriver: chrome on windows (67769200902bd46245d44dcdd08df61b)] -> xpath: //div[@class='govuk-radios']//div//label], [[ChromeDriver: chrome on windows (67769200902bd46245d44dcdd08df61b)] -> xpath: //div[@class='govuk-radios']//div//label]]
2023-12-19 21:12:441 INFO  SelectNationalityPage :34 - Click on continue: [[ChromeDriver: chrome on windows (67769200902bd46245d44dcdd08df61b)] -> xpath: //button[normalize-space()='Continue']]
2023-12-19 21:12:709 INFO  ResultPage :29 - Verify result text displayed: [[ChromeDriver: chrome on windows (67769200902bd46245d44dcdd08df61b)] -> xpath: //h2[@class='gem-c-heading gem-c-heading--font-size-27   govuk-!-margin-bottom-6']]
2023-12-19 21:12:709 INFO  ResultPage :24 - Get result text displayed: [[ChromeDriver: chrome on windows (67769200902bd46245d44dcdd08df61b)] -> xpath: //h2[@class='gem-c-heading gem-c-heading--font-size-27   govuk-!-margin-bottom-6']]
2023-12-19 21:12:699 INFO  ReasonForTravelPage :29 - Select a reason for visit: []
2023-12-19 21:12:299 INFO  StartPage :24 - Click on start now: [[ChromeDriver: chrome on windows (a352a2a2f8e06316ac497901bf3e3cfb)] -> xpath: //a[normalize-space()='Start now']]
2023-12-19 21:12:510 INFO  StartPage :24 - Click on start now: [[ChromeDriver: chrome on windows (fa96d589c66ada80130d762f55b93b64)] -> xpath: //a[normalize-space()='Start now']]
2023-12-19 21:12:814 INFO  SelectNationalityPage :28 - Select country: [[ChromeDriver: chrome on windows (fa96d589c66ada80130d762f55b93b64)] -> id: response]
2023-12-19 21:12:989 INFO  SelectNationalityPage :34 - Click on continue: [[ChromeDriver: chrome on windows (fa96d589c66ada80130d762f55b93b64)] -> xpath: //button[normalize-space()='Continue']]
2023-12-19 21:12:285 INFO  ReasonForTravelPage :29 - Select a reason for visit: [[[ChromeDriver: chrome on windows (fa96d589c66ada80130d762f55b93b64)] -> xpath: //div[@class='govuk-radios']//div//label], [[ChromeDriver: chrome on windows (fa96d589c66ada80130d762f55b93b64)] -> xpath: //div[@class='govuk-radios']//div//label], [[ChromeDriver: chrome on windows (fa96d589c66ada80130d762f55b93b64)] -> xpath: //div[@class='govuk-radios']//div//label], [[ChromeDriver: chrome on windows (fa96d589c66ada80130d762f55b93b64)] -> xpath: //div[@class='govuk-radios']//div//label], [[ChromeDriver: chrome on windows (fa96d589c66ada80130d762f55b93b64)] -> xpath: //div[@class='govuk-radios']//div//label], [[ChromeDriver: chrome on windows (fa96d589c66ada80130d762f55b93b64)] -> xpath: //div[@class='govuk-radios']//div//label], [[ChromeDriver: chrome on windows (fa96d589c66ada80130d762f55b93b64)] -> xpath: //div[@class='govuk-radios']//div//label], [[ChromeDriver: chrome on windows (fa96d589c66ada80130d762f55b93b64)] -> xpath: //div[@class='govuk-radios']//div//label], [[ChromeDriver: chrome on windows (fa96d589c66ada80130d762f55b93b64)] -> xpath: //div[@class='govuk-radios']//div//label]]
2023-12-19 21:12:473 INFO  SelectNationalityPage :34 - Click on continue: [[ChromeDriver: chrome on windows (fa96d589c66ada80130d762f55b93b64)] -> xpath: //button[normalize-space()='Continue']]
2023-12-19 21:12:814 INFO  ResultPage :29 - Verify result text displayed: [[ChromeDriver: chrome on windows (fa96d589c66ada80130d762f55b93b64)] -> xpath: //h2[@class='gem-c-heading gem-c-heading--font-size-27   govuk-!-margin-bottom-6']]
2023-12-19 21:12:816 INFO  ResultPage :24 - Get result text displayed: [[ChromeDriver: chrome on windows (fa96d589c66ada80130d762f55b93b64)] -> xpath: //h2[@class='gem-c-heading gem-c-heading--font-size-27   govuk-!-margin-bottom-6']]
2023-12-19 21:12:888 INFO  ReasonForTravelPage :29 - Select a reason for visit: []
2023-12-19 21:12:414 INFO  StartPage :24 - Click on start now: [[ChromeDriver: chrome on windows (eef5fc826da27e4d4ede957986881741)] -> xpath: //a[normalize-space()='Start now']]
2023-12-19 21:12:346 INFO  StartPage :24 - Click on start now: [[ChromeDriver: chrome on windows (73936dab6e726b65c5fca1dc57e0542a)] -> xpath: //a[normalize-space()='Start now']]
2023-12-19 21:12:899 INFO  SelectNationalityPage :28 - Select country: [[ChromeDriver: chrome on windows (73936dab6e726b65c5fca1dc57e0542a)] -> id: response]
2023-12-19 21:12:168 INFO  SelectNationalityPage :34 - Click on continue: [[ChromeDriver: chrome on windows (73936dab6e726b65c5fca1dc57e0542a)] -> xpath: //button[normalize-space()='Continue']]
2023-12-19 21:12:819 INFO  ReasonForTravelPage :29 - Select a reason for visit: [[[ChromeDriver: chrome on windows (73936dab6e726b65c5fca1dc57e0542a)] -> xpath: //div[@class='govuk-radios']//div//label], [[ChromeDriver: chrome on windows (73936dab6e726b65c5fca1dc57e0542a)] -> xpath: //div[@class='govuk-radios']//div//label], [[ChromeDriver: chrome on windows (73936dab6e726b65c5fca1dc57e0542a)] -> xpath: //div[@class='govuk-radios']//div//label], [[ChromeDriver: chrome on windows (73936dab6e726b65c5fca1dc57e0542a)] -> xpath: //div[@class='govuk-radios']//div//label], [[ChromeDriver: chrome on windows (73936dab6e726b65c5fca1dc57e0542a)] -> xpath: //div[@class='govuk-radios']//div//label], [[ChromeDriver: chrome on windows (73936dab6e726b65c5fca1dc57e0542a)] -> xpath: //div[@class='govuk-radios']//div//label], [[ChromeDriver: chrome on windows (73936dab6e726b65c5fca1dc57e0542a)] -> xpath: //div[@class='govuk-radios']//div//label], [[ChromeDriver: chrome on windows (73936dab6e726b65c5fca1dc57e0542a)] -> xpath: //div[@class='govuk-radios']//div//label], [[ChromeDriver: chrome on windows (73936dab6e726b65c5fca1dc57e0542a)] -> xpath: //div[@class='govuk-radios']//div//label]]
2023-12-19 21:12:201 INFO  SelectNationalityPage :34 - Click on continue: [[ChromeDriver: chrome on windows (73936dab6e726b65c5fca1dc57e0542a)] -> xpath: //button[normalize-space()='Continue']]
2023-12-19 21:12:813 INFO  ResultPage :29 - Verify result text displayed: [[ChromeDriver: chrome on windows (73936dab6e726b65c5fca1dc57e0542a)] -> xpath: //h2[@class='gem-c-heading gem-c-heading--font-size-27   govuk-!-margin-bottom-6']]
2023-12-19 21:12:814 INFO  ResultPage :24 - Get result text displayed: [[ChromeDriver: chrome on windows (73936dab6e726b65c5fca1dc57e0542a)] -> xpath: //h2[@class='gem-c-heading gem-c-heading--font-size-27   govuk-!-margin-bottom-6']]
2023-12-19 21:12:900 INFO  ReasonForTravelPage :29 - Select a reason for visit: []
